[2026-07-20 11:21:08] [INFO] [run_pipeline]: Initializing FORESIGHT Inventory Intelligence Pipeline...
[2026-07-20 11:21:08] [INFO] [database]: Database initialised.
[2026-07-20 11:21:08] [INFO] [run_pipeline]: Raw data files missing from C:\Users\Sai pranith\Downloads\antygravity\foresight\Project_FORESIGHT\data\raw. Attempting to copy from existing extracts...
[2026-07-20 11:21:08] [INFO] [run_pipeline]: Copied sku_master.csv from data
[2026-07-20 11:21:08] [INFO] [run_pipeline]: Copied calendar.csv from data
[2026-07-20 11:21:08] [INFO] [run_pipeline]: Copied sales_daily.csv from data
[2026-07-20 11:21:08] [INFO] [run_pipeline]: Copied inventory_snapshots.csv from data
[2026-07-20 11:21:08] [INFO] [run_pipeline]: Stage 1: Ingesting raw datasets...
[2026-07-20 11:21:08] [INFO] [ingest]: Ingesting sku_master.csv...
[2026-07-20 11:21:08] [INFO] [ingest]: Ingesting calendar.csv...
[2026-07-20 11:21:08] [INFO] [ingest]: Ingesting sales_daily.csv...
[2026-07-20 11:21:08] [INFO] [ingest]: Ingesting inventory_snapshots.csv...
[2026-07-20 11:21:08] [INFO] [run_pipeline]: Stage 2: Validating schemas and constraints...
[2026-07-20 11:21:08] [INFO] [validation]: Validating sku_master...
[2026-07-20 11:21:08] [WARNING] [validation]: sku_master: Found 3 duplicate SKU IDs.
[2026-07-20 11:21:08] [INFO] [validation]: Validating sales_daily...
[2026-07-20 11:21:08] [INFO] [validation]: Validating inventory_snapshots...
[2026-07-20 11:21:08] [INFO] [run_pipeline]: Stage 3: Cleaning datasets...
[2026-07-20 11:21:08] [INFO] [cleaning]: sku_master: Dropped 3 duplicate SKU rows.
[2026-07-20 11:21:08] [INFO] [cleaning]: sales_daily: Dropped 328 duplicate rows.
[2026-07-20 11:21:08] [INFO] [cleaning]: inventory_snapshots: Dropped 0 duplicate rows.
[2026-07-20 11:21:08] [INFO] [run_pipeline]: Stage 4: Merging to weekly SKU-level panel...
[2026-07-20 11:21:08] [INFO] [merge]: Merging datasets to weekly SKU-level panel...
[2026-07-20 11:21:09] [INFO] [merge]: Weekly panel built successfully with 15750 rows.
[2026-07-20 11:21:09] [INFO] [run_pipeline]: Stage 5: Engineering features...
[2026-07-20 11:21:09] [INFO] [feature_engineering]: Engineering features for the weekly panel...
[2026-07-20 11:21:09] [INFO] [feature_engineering]: Feature engineering complete.
[2026-07-20 11:21:09] [INFO] [run_pipeline]: Stage 6: Preprocessing features...
[2026-07-20 11:21:09] [INFO] [preprocessing]: Fitting standard scaler on features...
[2026-07-20 11:21:09] [INFO] [preprocessing]: Scaler saved to C:\Users\Sai pranith\Downloads\antygravity\foresight\Project_FORESIGHT\models\scaler.pkl
[2026-07-20 11:21:09] [INFO] [run_pipeline]: Stage 7: Selecting and training best forecasting model...
[2026-07-20 11:21:09] [INFO] [trainer]: Starting model selection and training process...
[2026-07-20 11:21:09] [INFO] [trainer]: Cross-validating RandomForest...
[2026-07-20 11:21:09] [INFO] [cross_validation]: Starting rolling-origin CV with 4 folds and horizon 6...
[2026-07-20 11:21:09] [ERROR] [trainer]: Error cross-validating RandomForest: 'period'
[2026-07-20 11:21:09] [INFO] [trainer]: Cross-validating GradientBoosting...
[2026-07-20 11:21:09] [INFO] [cross_validation]: Starting rolling-origin CV with 4 folds and horizon 6...
[2026-07-20 11:21:09] [ERROR] [trainer]: Error cross-validating GradientBoosting: 'period'
[2026-07-20 11:21:09] [INFO] [trainer]: Cross-validating LightGBM...
[2026-07-20 11:21:09] [INFO] [cross_validation]: Starting rolling-origin CV with 4 folds and horizon 6...
[2026-07-20 11:21:09] [ERROR] [trainer]: Error cross-validating LightGBM: 'period'
[2026-07-20 11:21:09] [INFO] [trainer]: Baseline wins or no models trained. Using Seasonal Naive baseline logic.
[2026-07-20 11:21:09] [INFO] [trainer]: Training final LightGBM model on all available history...
[2026-07-20 11:21:12] [INFO] [trainer]: Saved best model to C:\Users\Sai pranith\Downloads\antygravity\foresight\Project_FORESIGHT\models\best_model.pkl
[2026-07-20 11:21:12] [INFO] [run_pipeline]: Stage 8: Generating 6-week recursive forecasts...
[2026-07-20 11:21:12] [INFO] [predictor]: Generating forecasts for the next 6 weeks...
[2026-07-20 11:21:24] [INFO] [run_pipeline]: Initializing FORESIGHT Inventory Intelligence Pipeline...
[2026-07-20 11:21:24] [INFO] [database]: Database initialised.
[2026-07-20 11:21:24] [INFO] [run_pipeline]: Stage 1: Ingesting raw datasets...
[2026-07-20 11:21:24] [INFO] [ingest]: Ingesting sku_master.csv...
[2026-07-20 11:21:24] [INFO] [ingest]: Ingesting calendar.csv...
[2026-07-20 11:21:24] [INFO] [ingest]: Ingesting sales_daily.csv...
[2026-07-20 11:21:24] [INFO] [ingest]: Ingesting inventory_snapshots.csv...
[2026-07-20 11:21:24] [INFO] [run_pipeline]: Stage 2: Validating schemas and constraints...
[2026-07-20 11:21:24] [INFO] [validation]: Validating sku_master...
[2026-07-20 11:21:24] [WARNING] [validation]: sku_master: Found 3 duplicate SKU IDs.
[2026-07-20 11:21:24] [INFO] [validation]: Validating sales_daily...
[2026-07-20 11:21:24] [INFO] [validation]: Validating inventory_snapshots...
[2026-07-20 11:21:24] [INFO] [run_pipeline]: Stage 3: Cleaning datasets...
[2026-07-20 11:21:24] [INFO] [cleaning]: sku_master: Dropped 3 duplicate SKU rows.
[2026-07-20 11:21:24] [INFO] [cleaning]: sales_daily: Dropped 328 duplicate rows.
[2026-07-20 11:21:25] [INFO] [cleaning]: inventory_snapshots: Dropped 0 duplicate rows.
[2026-07-20 11:21:25] [INFO] [run_pipeline]: Stage 4: Merging to weekly SKU-level panel...
[2026-07-20 11:21:25] [INFO] [merge]: Merging datasets to weekly SKU-level panel...
[2026-07-20 11:21:25] [INFO] [merge]: Weekly panel built successfully with 15750 rows.
[2026-07-20 11:21:25] [INFO] [run_pipeline]: Stage 5: Engineering features...
[2026-07-20 11:21:25] [INFO] [feature_engineering]: Engineering features for the weekly panel...
[2026-07-20 11:21:25] [INFO] [feature_engineering]: Feature engineering complete.
[2026-07-20 11:21:25] [INFO] [run_pipeline]: Stage 6: Preprocessing features...
[2026-07-20 11:21:25] [INFO] [preprocessing]: Fitting standard scaler on features...
[2026-07-20 11:21:25] [INFO] [preprocessing]: Scaler saved to C:\Users\Sai pranith\Downloads\antygravity\foresight\Project_FORESIGHT\models\scaler.pkl
[2026-07-20 11:21:25] [INFO] [run_pipeline]: Stage 7: Selecting and training best forecasting model...
[2026-07-20 11:21:25] [INFO] [trainer]: Starting model selection and training process...
[2026-07-20 11:21:25] [INFO] [trainer]: Cross-validating RandomForest...
[2026-07-20 11:21:25] [INFO] [cross_validation]: Starting rolling-origin CV with 4 folds and horizon 6...
[2026-07-20 11:21:25] [INFO] [cross_validation]: CV Fold 1/4 (cut: 2026-04-28/2026-05-04)...
[2026-07-20 11:21:29] [INFO] [cross_validation]: CV Fold 2/4 (cut: 2026-05-05/2026-05-11)...
[2026-07-20 11:21:33] [INFO] [cross_validation]: CV Fold 3/4 (cut: 2026-05-12/2026-05-18)...
[2026-07-20 11:21:37] [INFO] [cross_validation]: CV Fold 4/4 (cut: 2026-05-19/2026-05-25)...
[2026-07-20 11:21:41] [INFO] [trainer]: Model RandomForest CV WAPE: 0.0974, Bias: -0.0347
[2026-07-20 11:21:41] [INFO] [trainer]: Cross-validating GradientBoosting...
[2026-07-20 11:21:41] [INFO] [cross_validation]: Starting rolling-origin CV with 4 folds and horizon 6...
[2026-07-20 11:21:41] [INFO] [cross_validation]: CV Fold 1/4 (cut: 2026-04-28/2026-05-04)...
[2026-07-20 11:21:45] [INFO] [cross_validation]: CV Fold 2/4 (cut: 2026-05-05/2026-05-11)...
[2026-07-20 11:21:49] [INFO] [cross_validation]: CV Fold 3/4 (cut: 2026-05-12/2026-05-18)...
[2026-07-20 11:21:53] [INFO] [cross_validation]: CV Fold 4/4 (cut: 2026-05-19/2026-05-25)...
[2026-07-20 11:21:57] [INFO] [trainer]: Model GradientBoosting CV WAPE: 0.0894, Bias: -0.0157
[2026-07-20 11:21:57] [INFO] [trainer]: Cross-validating LightGBM...
[2026-07-20 11:21:57] [INFO] [cross_validation]: Starting rolling-origin CV with 4 folds and horizon 6...
[2026-07-20 11:21:57] [INFO] [cross_validation]: CV Fold 1/4 (cut: 2026-04-28/2026-05-04)...
[2026-07-20 11:21:59] [INFO] [cross_validation]: CV Fold 2/4 (cut: 2026-05-05/2026-05-11)...
[2026-07-20 11:22:00] [INFO] [cross_validation]: CV Fold 3/4 (cut: 2026-05-12/2026-05-18)...
[2026-07-20 11:22:00] [INFO] [cross_validation]: CV Fold 4/4 (cut: 2026-05-19/2026-05-25)...
[2026-07-20 11:22:01] [INFO] [trainer]: Model LightGBM CV WAPE: 0.0881, Bias: -0.0156
[2026-07-20 11:22:01] [INFO] [trainer]: Seasonal Naive Baseline WAPE: 0.1933
[2026-07-20 11:22:01] [INFO] [trainer]: Winner: LightGBM beats Baseline (0.0881 < 0.1933)
[2026-07-20 11:22:01] [INFO] [trainer]: Training final LightGBM model on all available history...
[2026-07-20 11:22:01] [INFO] [trainer]: Saved best model to C:\Users\Sai pranith\Downloads\antygravity\foresight\Project_FORESIGHT\models\best_model.pkl
[2026-07-20 11:22:01] [INFO] [run_pipeline]: Stage 8: Generating 6-week recursive forecasts...
[2026-07-20 11:22:01] [INFO] [predictor]: Generating forecasts for the next 6 weeks...
[2026-07-20 11:22:01] [INFO] [feature_engineering]: Engineering features for the weekly panel...
[2026-07-20 11:22:01] [INFO] [feature_engineering]: Feature engineering complete.
[2026-07-20 11:22:01] [INFO] [feature_engineering]: Engineering features for the weekly panel...
[2026-07-20 11:22:01] [INFO] [feature_engineering]: Feature engineering complete.
[2026-07-20 11:22:02] [INFO] [feature_engineering]: Engineering features for the weekly panel...
[2026-07-20 11:22:02] [INFO] [feature_engineering]: Feature engineering complete.
[2026-07-20 11:22:02] [INFO] [feature_engineering]: Engineering features for the weekly panel...
[2026-07-20 11:22:02] [INFO] [feature_engineering]: Feature engineering complete.
[2026-07-20 11:22:02] [INFO] [feature_engineering]: Engineering features for the weekly panel...
[2026-07-20 11:22:02] [INFO] [feature_engineering]: Feature engineering complete.
[2026-07-20 11:22:02] [INFO] [feature_engineering]: Engineering features for the weekly panel...
[2026-07-20 11:22:02] [INFO] [feature_engineering]: Feature engineering complete.
[2026-07-20 11:22:02] [INFO] [predictor]: Forecast generation complete.
[2026-07-20 11:22:16] [INFO] [run_pipeline]: Initializing FORESIGHT Inventory Intelligence Pipeline...
[2026-07-20 11:22:16] [INFO] [database]: Database initialised.
[2026-07-20 11:22:16] [INFO] [run_pipeline]: Stage 1: Ingesting raw datasets...
[2026-07-20 11:22:16] [INFO] [ingest]: Ingesting sku_master.csv...
[2026-07-20 11:22:16] [INFO] [ingest]: Ingesting calendar.csv...
[2026-07-20 11:22:16] [INFO] [ingest]: Ingesting sales_daily.csv...
[2026-07-20 11:22:16] [INFO] [ingest]: Ingesting inventory_snapshots.csv...
[2026-07-20 11:22:16] [INFO] [run_pipeline]: Stage 2: Validating schemas and constraints...
[2026-07-20 11:22:16] [INFO] [validation]: Validating sku_master...
[2026-07-20 11:22:16] [WARNING] [validation]: sku_master: Found 3 duplicate SKU IDs.
[2026-07-20 11:22:16] [INFO] [validation]: Validating sales_daily...
[2026-07-20 11:22:16] [INFO] [validation]: Validating inventory_snapshots...
[2026-07-20 11:22:16] [INFO] [run_pipeline]: Stage 3: Cleaning datasets...
[2026-07-20 11:22:16] [INFO] [cleaning]: sku_master: Dropped 3 duplicate SKU rows.
[2026-07-20 11:22:16] [INFO] [cleaning]: sales_daily: Dropped 328 duplicate rows.
[2026-07-20 11:22:16] [INFO] [cleaning]: inventory_snapshots: Dropped 0 duplicate rows.
[2026-07-20 11:22:16] [INFO] [run_pipeline]: Stage 4: Merging to weekly SKU-level panel...
[2026-07-20 11:22:16] [INFO] [merge]: Merging datasets to weekly SKU-level panel...
[2026-07-20 11:22:16] [INFO] [merge]: Weekly panel built successfully with 15750 rows.
[2026-07-20 11:22:16] [INFO] [run_pipeline]: Stage 5: Engineering features...
[2026-07-20 11:22:16] [INFO] [feature_engineering]: Engineering features for the weekly panel...
[2026-07-20 11:22:16] [INFO] [feature_engineering]: Feature engineering complete.
[2026-07-20 11:22:17] [INFO] [run_pipeline]: Stage 6: Preprocessing features...
[2026-07-20 11:22:17] [INFO] [preprocessing]: Fitting standard scaler on features...
[2026-07-20 11:22:17] [INFO] [preprocessing]: Scaler saved to C:\Users\Sai pranith\Downloads\antygravity\foresight\Project_FORESIGHT\models\scaler.pkl
[2026-07-20 11:22:17] [INFO] [run_pipeline]: Stage 7: Selecting and training best forecasting model...
[2026-07-20 11:22:17] [INFO] [trainer]: Starting model selection and training process...
[2026-07-20 11:22:17] [INFO] [trainer]: Cross-validating RandomForest...
[2026-07-20 11:22:17] [INFO] [cross_validation]: Starting rolling-origin CV with 4 folds and horizon 6...
[2026-07-20 11:22:17] [INFO] [cross_validation]: CV Fold 1/4 (cut: 2026-04-28/2026-05-04)...
[2026-07-20 11:22:20] [INFO] [cross_validation]: CV Fold 2/4 (cut: 2026-05-05/2026-05-11)...
[2026-07-20 11:22:24] [INFO] [cross_validation]: CV Fold 3/4 (cut: 2026-05-12/2026-05-18)...
[2026-07-20 11:22:28] [INFO] [cross_validation]: CV Fold 4/4 (cut: 2026-05-19/2026-05-25)...
[2026-07-20 11:22:31] [INFO] [trainer]: Model RandomForest CV WAPE: 0.0974, Bias: -0.0347
[2026-07-20 11:22:31] [INFO] [trainer]: Cross-validating GradientBoosting...
[2026-07-20 11:22:31] [INFO] [cross_validation]: Starting rolling-origin CV with 4 folds and horizon 6...
[2026-07-20 11:22:31] [INFO] [cross_validation]: CV Fold 1/4 (cut: 2026-04-28/2026-05-04)...
[2026-07-20 11:22:35] [INFO] [cross_validation]: CV Fold 2/4 (cut: 2026-05-05/2026-05-11)...
[2026-07-20 11:22:38] [INFO] [cross_validation]: CV Fold 3/4 (cut: 2026-05-12/2026-05-18)...
[2026-07-20 11:22:42] [INFO] [cross_validation]: CV Fold 4/4 (cut: 2026-05-19/2026-05-25)...
[2026-07-20 11:22:46] [INFO] [trainer]: Model GradientBoosting CV WAPE: 0.0894, Bias: -0.0157
[2026-07-20 11:22:46] [INFO] [trainer]: Cross-validating LightGBM...
[2026-07-20 11:22:46] [INFO] [cross_validation]: Starting rolling-origin CV with 4 folds and horizon 6...
[2026-07-20 11:22:46] [INFO] [cross_validation]: CV Fold 1/4 (cut: 2026-04-28/2026-05-04)...
[2026-07-20 11:22:48] [INFO] [cross_validation]: CV Fold 2/4 (cut: 2026-05-05/2026-05-11)...
[2026-07-20 11:22:49] [INFO] [cross_validation]: CV Fold 3/4 (cut: 2026-05-12/2026-05-18)...
[2026-07-20 11:22:49] [INFO] [cross_validation]: CV Fold 4/4 (cut: 2026-05-19/2026-05-25)...
[2026-07-20 11:22:50] [INFO] [trainer]: Model LightGBM CV WAPE: 0.0881, Bias: -0.0156
[2026-07-20 11:22:50] [INFO] [trainer]: Seasonal Naive Baseline WAPE: 0.1933
[2026-07-20 11:22:50] [INFO] [trainer]: Winner: LightGBM beats Baseline (0.0881 < 0.1933)
[2026-07-20 11:22:50] [INFO] [trainer]: Training final LightGBM model on all available history...
[2026-07-20 11:22:50] [INFO] [trainer]: Saved best model to C:\Users\Sai pranith\Downloads\antygravity\foresight\Project_FORESIGHT\models\best_model.pkl
[2026-07-20 11:22:50] [INFO] [run_pipeline]: Stage 8: Generating 6-week recursive forecasts...
[2026-07-20 11:22:50] [INFO] [predictor]: Generating forecasts for the next 6 weeks...
[2026-07-20 11:22:50] [INFO] [feature_engineering]: Engineering features for the weekly panel...
[2026-07-20 11:22:50] [INFO] [feature_engineering]: Feature engineering complete.
[2026-07-20 11:22:50] [INFO] [feature_engineering]: Engineering features for the weekly panel...
[2026-07-20 11:22:50] [INFO] [feature_engineering]: Feature engineering complete.
[2026-07-20 11:22:51] [INFO] [feature_engineering]: Engineering features for the weekly panel...
[2026-07-20 11:22:51] [INFO] [feature_engineering]: Feature engineering complete.
[2026-07-20 11:22:51] [INFO] [feature_engineering]: Engineering features for the weekly panel...
[2026-07-20 11:22:51] [INFO] [feature_engineering]: Feature engineering complete.
[2026-07-20 11:22:51] [INFO] [feature_engineering]: Engineering features for the weekly panel...
[2026-07-20 11:22:51] [INFO] [feature_engineering]: Feature engineering complete.
[2026-07-20 11:22:51] [INFO] [feature_engineering]: Engineering features for the weekly panel...
[2026-07-20 11:22:51] [INFO] [feature_engineering]: Feature engineering complete.
[2026-07-20 11:22:51] [INFO] [predictor]: Forecast generation complete.
[2026-07-20 11:22:51] [INFO] [database]: Saved 900 rows to table 'forecasts'.
[2026-07-20 11:22:51] [INFO] [run_pipeline]: Stage 9: Executing Risk Engine and Decision logic...
[2026-07-20 11:23:08] [INFO] [run_pipeline]: Initializing FORESIGHT Inventory Intelligence Pipeline...
[2026-07-20 11:23:08] [INFO] [database]: Database initialised.
[2026-07-20 11:23:08] [INFO] [run_pipeline]: Stage 1: Ingesting raw datasets...
[2026-07-20 11:23:08] [INFO] [ingest]: Ingesting sku_master.csv...
[2026-07-20 11:23:08] [INFO] [ingest]: Ingesting calendar.csv...
[2026-07-20 11:23:08] [INFO] [ingest]: Ingesting sales_daily.csv...
[2026-07-20 11:23:08] [INFO] [ingest]: Ingesting inventory_snapshots.csv...
[2026-07-20 11:23:08] [INFO] [run_pipeline]: Stage 2: Validating schemas and constraints...
[2026-07-20 11:23:08] [INFO] [validation]: Validating sku_master...
[2026-07-20 11:23:08] [WARNING] [validation]: sku_master: Found 3 duplicate SKU IDs.
[2026-07-20 11:23:08] [INFO] [validation]: Validating sales_daily...
[2026-07-20 11:23:08] [INFO] [validation]: Validating inventory_snapshots...
[2026-07-20 11:23:08] [INFO] [run_pipeline]: Stage 3: Cleaning datasets...
[2026-07-20 11:23:08] [INFO] [cleaning]: sku_master: Dropped 3 duplicate SKU rows.
[2026-07-20 11:23:08] [INFO] [cleaning]: sales_daily: Dropped 328 duplicate rows.
[2026-07-20 11:23:08] [INFO] [cleaning]: inventory_snapshots: Dropped 0 duplicate rows.
[2026-07-20 11:23:08] [INFO] [run_pipeline]: Stage 4: Merging to weekly SKU-level panel...
[2026-07-20 11:23:08] [INFO] [merge]: Merging datasets to weekly SKU-level panel...
[2026-07-20 11:23:08] [INFO] [merge]: Weekly panel built successfully with 15750 rows.
[2026-07-20 11:23:08] [INFO] [run_pipeline]: Stage 5: Engineering features...
[2026-07-20 11:23:08] [INFO] [feature_engineering]: Engineering features for the weekly panel...
[2026-07-20 11:23:08] [INFO] [feature_engineering]: Feature engineering complete.
[2026-07-20 11:23:09] [INFO] [run_pipeline]: Stage 6: Preprocessing features...
[2026-07-20 11:23:09] [INFO] [preprocessing]: Fitting standard scaler on features...
[2026-07-20 11:23:09] [INFO] [preprocessing]: Scaler saved to C:\Users\Sai pranith\Downloads\antygravity\foresight\Project_FORESIGHT\models\scaler.pkl
[2026-07-20 11:23:09] [INFO] [run_pipeline]: Stage 7: Selecting and training best forecasting model...
[2026-07-20 11:23:09] [INFO] [trainer]: Starting model selection and training process...
[2026-07-20 11:23:09] [INFO] [trainer]: Cross-validating RandomForest...
[2026-07-20 11:23:09] [INFO] [cross_validation]: Starting rolling-origin CV with 4 folds and horizon 6...
[2026-07-20 11:23:09] [INFO] [cross_validation]: CV Fold 1/4 (cut: 2026-04-28/2026-05-04)...
[2026-07-20 11:23:12] [INFO] [cross_validation]: CV Fold 2/4 (cut: 2026-05-05/2026-05-11)...
[2026-07-20 11:23:16] [INFO] [cross_validation]: CV Fold 3/4 (cut: 2026-05-12/2026-05-18)...
[2026-07-20 11:23:19] [INFO] [cross_validation]: CV Fold 4/4 (cut: 2026-05-19/2026-05-25)...
[2026-07-20 11:23:23] [INFO] [trainer]: Model RandomForest CV WAPE: 0.0974, Bias: -0.0347
[2026-07-20 11:23:23] [INFO] [trainer]: Cross-validating GradientBoosting...
[2026-07-20 11:23:23] [INFO] [cross_validation]: Starting rolling-origin CV with 4 folds and horizon 6...
[2026-07-20 11:23:23] [INFO] [cross_validation]: CV Fold 1/4 (cut: 2026-04-28/2026-05-04)...
[2026-07-20 11:23:27] [INFO] [cross_validation]: CV Fold 2/4 (cut: 2026-05-05/2026-05-11)...
[2026-07-20 11:23:31] [INFO] [cross_validation]: CV Fold 3/4 (cut: 2026-05-12/2026-05-18)...
[2026-07-20 11:23:35] [INFO] [cross_validation]: CV Fold 4/4 (cut: 2026-05-19/2026-05-25)...
[2026-07-20 11:23:40] [INFO] [trainer]: Model GradientBoosting CV WAPE: 0.0894, Bias: -0.0157
[2026-07-20 11:23:40] [INFO] [trainer]: Cross-validating LightGBM...
[2026-07-20 11:23:40] [INFO] [cross_validation]: Starting rolling-origin CV with 4 folds and horizon 6...
[2026-07-20 11:23:40] [INFO] [cross_validation]: CV Fold 1/4 (cut: 2026-04-28/2026-05-04)...
[2026-07-20 11:23:41] [INFO] [cross_validation]: CV Fold 2/4 (cut: 2026-05-05/2026-05-11)...
[2026-07-20 11:23:42] [INFO] [cross_validation]: CV Fold 3/4 (cut: 2026-05-12/2026-05-18)...
[2026-07-20 11:23:42] [INFO] [cross_validation]: CV Fold 4/4 (cut: 2026-05-19/2026-05-25)...
[2026-07-20 11:23:43] [INFO] [trainer]: Model LightGBM CV WAPE: 0.0881, Bias: -0.0156
[2026-07-20 11:23:43] [INFO] [trainer]: Seasonal Naive Baseline WAPE: 0.1933
[2026-07-20 11:23:43] [INFO] [trainer]: Winner: LightGBM beats Baseline (0.0881 < 0.1933)
[2026-07-20 11:23:43] [INFO] [trainer]: Training final LightGBM model on all available history...
[2026-07-20 11:23:43] [INFO] [trainer]: Saved best model to C:\Users\Sai pranith\Downloads\antygravity\foresight\Project_FORESIGHT\models\best_model.pkl
[2026-07-20 11:23:43] [INFO] [run_pipeline]: Stage 8: Generating 6-week recursive forecasts...
[2026-07-20 11:23:43] [INFO] [predictor]: Generating forecasts for the next 6 weeks...
[2026-07-20 11:23:43] [INFO] [feature_engineering]: Engineering features for the weekly panel...
[2026-07-20 11:23:43] [INFO] [feature_engineering]: Feature engineering complete.
[2026-07-20 11:23:44] [INFO] [feature_engineering]: Engineering features for the weekly panel...
[2026-07-20 11:23:44] [INFO] [feature_engineering]: Feature engineering complete.
[2026-07-20 11:23:44] [INFO] [feature_engineering]: Engineering features for the weekly panel...
[2026-07-20 11:23:44] [INFO] [feature_engineering]: Feature engineering complete.
[2026-07-20 11:23:44] [INFO] [feature_engineering]: Engineering features for the weekly panel...
[2026-07-20 11:23:44] [INFO] [feature_engineering]: Feature engineering complete.
[2026-07-20 11:23:44] [INFO] [feature_engineering]: Engineering features for the weekly panel...
[2026-07-20 11:23:44] [INFO] [feature_engineering]: Feature engineering complete.
[2026-07-20 11:23:45] [INFO] [feature_engineering]: Engineering features for the weekly panel...
[2026-07-20 11:23:45] [INFO] [feature_engineering]: Feature engineering complete.
[2026-07-20 11:23:45] [INFO] [predictor]: Forecast generation complete.
[2026-07-20 11:23:45] [INFO] [database]: Saved 900 rows to table 'forecasts'.
[2026-07-20 11:23:45] [INFO] [run_pipeline]: Stage 9: Executing Risk Engine and Decision logic...
[2026-07-20 11:24:00] [INFO] [run_pipeline]: Initializing FORESIGHT Inventory Intelligence Pipeline...
[2026-07-20 11:24:00] [INFO] [database]: Database initialised.
[2026-07-20 11:24:00] [INFO] [run_pipeline]: Stage 1: Ingesting raw datasets...
[2026-07-20 11:24:00] [INFO] [ingest]: Ingesting sku_master.csv...
[2026-07-20 11:24:00] [INFO] [ingest]: Ingesting calendar.csv...
[2026-07-20 11:24:00] [INFO] [ingest]: Ingesting sales_daily.csv...
[2026-07-20 11:24:00] [INFO] [ingest]: Ingesting inventory_snapshots.csv...
[2026-07-20 11:24:00] [INFO] [run_pipeline]: Stage 2: Validating schemas and constraints...
[2026-07-20 11:24:00] [INFO] [validation]: Validating sku_master...
[2026-07-20 11:24:00] [WARNING] [validation]: sku_master: Found 3 duplicate SKU IDs.
[2026-07-20 11:24:00] [INFO] [validation]: Validating sales_daily...
[2026-07-20 11:24:00] [INFO] [validation]: Validating inventory_snapshots...
[2026-07-20 11:24:00] [INFO] [run_pipeline]: Stage 3: Cleaning datasets...
[2026-07-20 11:24:00] [INFO] [cleaning]: sku_master: Dropped 3 duplicate SKU rows.
[2026-07-20 11:24:00] [INFO] [cleaning]: sales_daily: Dropped 328 duplicate rows.
[2026-07-20 11:24:00] [INFO] [cleaning]: inventory_snapshots: Dropped 0 duplicate rows.
[2026-07-20 11:24:00] [INFO] [run_pipeline]: Stage 4: Merging to weekly SKU-level panel...
[2026-07-20 11:24:00] [INFO] [merge]: Merging datasets to weekly SKU-level panel...
[2026-07-20 11:24:00] [INFO] [merge]: Weekly panel built successfully with 15750 rows.
[2026-07-20 11:24:00] [INFO] [run_pipeline]: Stage 5: Engineering features...
[2026-07-20 11:24:00] [INFO] [feature_engineering]: Engineering features for the weekly panel...
[2026-07-20 11:24:00] [INFO] [feature_engineering]: Feature engineering complete.
[2026-07-20 11:24:01] [INFO] [run_pipeline]: Stage 6: Preprocessing features...
[2026-07-20 11:24:01] [INFO] [preprocessing]: Fitting standard scaler on features...
[2026-07-20 11:24:01] [INFO] [preprocessing]: Scaler saved to C:\Users\Sai pranith\Downloads\antygravity\foresight\Project_FORESIGHT\models\scaler.pkl
[2026-07-20 11:24:01] [INFO] [run_pipeline]: Stage 7: Selecting and training best forecasting model...
[2026-07-20 11:24:01] [INFO] [trainer]: Starting model selection and training process...
[2026-07-20 11:24:01] [INFO] [trainer]: Cross-validating RandomForest...
[2026-07-20 11:24:01] [INFO] [cross_validation]: Starting rolling-origin CV with 4 folds and horizon 6...
[2026-07-20 11:24:01] [INFO] [cross_validation]: CV Fold 1/4 (cut: 2026-04-28/2026-05-04)...
[2026-07-20 11:24:04] [INFO] [cross_validation]: CV Fold 2/4 (cut: 2026-05-05/2026-05-11)...
[2026-07-20 11:24:08] [INFO] [cross_validation]: CV Fold 3/4 (cut: 2026-05-12/2026-05-18)...
[2026-07-20 11:24:12] [INFO] [cross_validation]: CV Fold 4/4 (cut: 2026-05-19/2026-05-25)...
[2026-07-20 11:24:16] [INFO] [trainer]: Model RandomForest CV WAPE: 0.0974, Bias: -0.0347
[2026-07-20 11:24:16] [INFO] [trainer]: Cross-validating GradientBoosting...
[2026-07-20 11:24:16] [INFO] [cross_validation]: Starting rolling-origin CV with 4 folds and horizon 6...
[2026-07-20 11:24:16] [INFO] [cross_validation]: CV Fold 1/4 (cut: 2026-04-28/2026-05-04)...
[2026-07-20 11:24:20] [INFO] [cross_validation]: CV Fold 2/4 (cut: 2026-05-05/2026-05-11)...
[2026-07-20 11:24:24] [INFO] [cross_validation]: CV Fold 3/4 (cut: 2026-05-12/2026-05-18)...
[2026-07-20 11:24:28] [INFO] [cross_validation]: CV Fold 4/4 (cut: 2026-05-19/2026-05-25)...
[2026-07-20 11:24:32] [INFO] [trainer]: Model GradientBoosting CV WAPE: 0.0894, Bias: -0.0157
[2026-07-20 11:24:32] [INFO] [trainer]: Cross-validating LightGBM...
[2026-07-20 11:24:32] [INFO] [cross_validation]: Starting rolling-origin CV with 4 folds and horizon 6...
[2026-07-20 11:24:32] [INFO] [cross_validation]: CV Fold 1/4 (cut: 2026-04-28/2026-05-04)...
[2026-07-20 11:24:34] [INFO] [cross_validation]: CV Fold 2/4 (cut: 2026-05-05/2026-05-11)...
[2026-07-20 11:24:35] [INFO] [cross_validation]: CV Fold 3/4 (cut: 2026-05-12/2026-05-18)...
[2026-07-20 11:24:35] [INFO] [cross_validation]: CV Fold 4/4 (cut: 2026-05-19/2026-05-25)...
[2026-07-20 11:24:36] [INFO] [trainer]: Model LightGBM CV WAPE: 0.0881, Bias: -0.0156
[2026-07-20 11:24:36] [INFO] [trainer]: Seasonal Naive Baseline WAPE: 0.1933
[2026-07-20 11:24:36] [INFO] [trainer]: Winner: LightGBM beats Baseline (0.0881 < 0.1933)
[2026-07-20 11:24:36] [INFO] [trainer]: Training final LightGBM model on all available history...
[2026-07-20 11:24:36] [INFO] [trainer]: Saved best model to C:\Users\Sai pranith\Downloads\antygravity\foresight\Project_FORESIGHT\models\best_model.pkl
[2026-07-20 11:24:36] [INFO] [run_pipeline]: Stage 8: Generating 6-week recursive forecasts...
[2026-07-20 11:24:36] [INFO] [predictor]: Generating forecasts for the next 6 weeks...
[2026-07-20 11:24:36] [INFO] [feature_engineering]: Engineering features for the weekly panel...
[2026-07-20 11:24:36] [INFO] [feature_engineering]: Feature engineering complete.
[2026-07-20 11:24:37] [INFO] [feature_engineering]: Engineering features for the weekly panel...
[2026-07-20 11:24:37] [INFO] [feature_engineering]: Feature engineering complete.
[2026-07-20 11:24:37] [INFO] [feature_engineering]: Engineering features for the weekly panel...
[2026-07-20 11:24:37] [INFO] [feature_engineering]: Feature engineering complete.
[2026-07-20 11:24:37] [INFO] [feature_engineering]: Engineering features for the weekly panel...
[2026-07-20 11:24:37] [INFO] [feature_engineering]: Feature engineering complete.
[2026-07-20 11:24:37] [INFO] [feature_engineering]: Engineering features for the weekly panel...
[2026-07-20 11:24:37] [INFO] [feature_engineering]: Feature engineering complete.
[2026-07-20 11:24:37] [INFO] [feature_engineering]: Engineering features for the weekly panel...
[2026-07-20 11:24:37] [INFO] [feature_engineering]: Feature engineering complete.
[2026-07-20 11:24:37] [INFO] [predictor]: Forecast generation complete.
[2026-07-20 11:24:38] [INFO] [database]: Saved 900 rows to table 'forecasts'.
[2026-07-20 11:24:38] [INFO] [run_pipeline]: Stage 9: Executing Risk Engine and Decision logic...
[2026-07-20 11:24:38] [INFO] [database]: Saved 150 rows to table 'risk_scores'.
[2026-07-20 11:24:38] [INFO] [run_pipeline]: Stage 10: Generating reports...
[2026-07-20 11:24:38] [INFO] [executive_summary]: Executive summary written to C:\Users\Sai pranith\Downloads\antygravity\foresight\Project_FORESIGHT\data\reports\executive_summary.md
[2026-07-20 11:24:38] [WARNING] [generate_pdf]: fpdf/fpdf2 package not installed. Skipping PDF generation.
[2026-07-20 11:24:38] [INFO] [generate_pdf]: Fallback text report written to C:\Users\Sai pranith\Downloads\antygravity\foresight\Project_FORESIGHT\data\reports\executive_report.txt
[2026-07-20 11:24:38] [INFO] [run_pipeline]: Pipeline executed successfully in 38.23 seconds.
[2026-07-20 11:25:09] [INFO] [cleaning]: sales_daily: Dropped 0 duplicate rows.
[2026-07-20 11:25:09] [INFO] [cleaning]: sku_master: Dropped 1 duplicate SKU rows.
[2026-07-20 11:25:47] [INFO] [cleaning]: sales_daily: Dropped 0 duplicate rows.
[2026-07-20 11:25:47] [INFO] [cleaning]: sku_master: Dropped 1 duplicate SKU rows.
[2026-07-20 11:25:59] [INFO] [run_pipeline]: Initializing FORESIGHT Inventory Intelligence Pipeline...
[2026-07-20 11:25:59] [INFO] [database]: Database initialised.
[2026-07-20 11:25:59] [INFO] [run_pipeline]: Stage 1: Ingesting raw datasets...
[2026-07-20 11:25:59] [INFO] [ingest]: Ingesting sku_master.csv...
[2026-07-20 11:25:59] [INFO] [ingest]: Ingesting calendar.csv...
[2026-07-20 11:25:59] [INFO] [ingest]: Ingesting sales_daily.csv...
[2026-07-20 11:25:59] [INFO] [ingest]: Ingesting inventory_snapshots.csv...
[2026-07-20 11:25:59] [INFO] [run_pipeline]: Stage 2: Validating schemas and constraints...
[2026-07-20 11:25:59] [INFO] [validation]: Validating sku_master...
[2026-07-20 11:25:59] [WARNING] [validation]: sku_master: Found 3 duplicate SKU IDs.
[2026-07-20 11:25:59] [INFO] [validation]: Validating sales_daily...
[2026-07-20 11:25:59] [INFO] [validation]: Validating inventory_snapshots...
[2026-07-20 11:25:59] [INFO] [run_pipeline]: Stage 3: Cleaning datasets...
[2026-07-20 11:25:59] [INFO] [cleaning]: sku_master: Dropped 3 duplicate SKU rows.
[2026-07-20 11:25:59] [INFO] [cleaning]: sales_daily: Dropped 328 duplicate rows.
[2026-07-20 11:25:59] [INFO] [cleaning]: inventory_snapshots: Dropped 0 duplicate rows.
[2026-07-20 11:25:59] [INFO] [run_pipeline]: Stage 4: Merging to weekly SKU-level panel...
[2026-07-20 11:25:59] [INFO] [merge]: Merging datasets to weekly SKU-level panel...
[2026-07-20 11:25:59] [INFO] [merge]: Weekly panel built successfully with 15750 rows.
[2026-07-20 11:25:59] [INFO] [run_pipeline]: Stage 5: Engineering features...
[2026-07-20 11:25:59] [INFO] [feature_engineering]: Engineering features for the weekly panel...
[2026-07-20 11:25:59] [INFO] [feature_engineering]: Feature engineering complete.
[2026-07-20 11:26:00] [INFO] [run_pipeline]: Stage 6: Preprocessing features...
[2026-07-20 11:26:00] [INFO] [preprocessing]: Fitting standard scaler on features...
[2026-07-20 11:26:00] [INFO] [preprocessing]: Scaler saved to C:\Users\Sai pranith\Downloads\antygravity\foresight\Project_FORESIGHT\models\scaler.pkl
[2026-07-20 11:26:00] [INFO] [run_pipeline]: Stage 7: Selecting and training best forecasting model...
[2026-07-20 11:26:00] [INFO] [trainer]: Starting model selection and training process...
[2026-07-20 11:26:00] [INFO] [trainer]: Cross-validating RandomForest...
[2026-07-20 11:26:00] [INFO] [cross_validation]: Starting rolling-origin CV with 4 folds and horizon 6...
[2026-07-20 11:26:00] [INFO] [cross_validation]: CV Fold 1/4 (cut: 2026-04-28/2026-05-04)...
[2026-07-20 11:26:04] [INFO] [cross_validation]: CV Fold 2/4 (cut: 2026-05-05/2026-05-11)...
[2026-07-20 11:26:08] [INFO] [cross_validation]: CV Fold 3/4 (cut: 2026-05-12/2026-05-18)...
[2026-07-20 11:26:12] [INFO] [cross_validation]: CV Fold 4/4 (cut: 2026-05-19/2026-05-25)...
[2026-07-20 11:26:16] [INFO] [trainer]: Model RandomForest CV WAPE: 0.0974, Bias: -0.0347
[2026-07-20 11:26:16] [INFO] [trainer]: Cross-validating GradientBoosting...
[2026-07-20 11:26:16] [INFO] [cross_validation]: Starting rolling-origin CV with 4 folds and horizon 6...
[2026-07-20 11:26:16] [INFO] [cross_validation]: CV Fold 1/4 (cut: 2026-04-28/2026-05-04)...
[2026-07-20 11:26:20] [INFO] [cross_validation]: CV Fold 2/4 (cut: 2026-05-05/2026-05-11)...
[2026-07-20 11:26:24] [INFO] [cross_validation]: CV Fold 3/4 (cut: 2026-05-12/2026-05-18)...
[2026-07-20 11:26:29] [INFO] [cross_validation]: CV Fold 4/4 (cut: 2026-05-19/2026-05-25)...
[2026-07-20 11:26:33] [INFO] [trainer]: Model GradientBoosting CV WAPE: 0.0894, Bias: -0.0157
[2026-07-20 11:26:33] [INFO] [trainer]: Cross-validating LightGBM...
[2026-07-20 11:26:33] [INFO] [cross_validation]: Starting rolling-origin CV with 4 folds and horizon 6...
[2026-07-20 11:26:33] [INFO] [cross_validation]: CV Fold 1/4 (cut: 2026-04-28/2026-05-04)...
[2026-07-20 11:26:35] [INFO] [cross_validation]: CV Fold 2/4 (cut: 2026-05-05/2026-05-11)...
[2026-07-20 11:26:35] [INFO] [cross_validation]: CV Fold 3/4 (cut: 2026-05-12/2026-05-18)...
[2026-07-20 11:26:36] [INFO] [cross_validation]: CV Fold 4/4 (cut: 2026-05-19/2026-05-25)...
[2026-07-20 11:26:36] [INFO] [trainer]: Model LightGBM CV WAPE: 0.0881, Bias: -0.0156
[2026-07-20 11:26:36] [INFO] [trainer]: Seasonal Naive Baseline WAPE: 0.1933
[2026-07-20 11:26:36] [INFO] [trainer]: Winner: LightGBM beats Baseline (0.0881 < 0.1933)
[2026-07-20 11:26:36] [INFO] [trainer]: Training final LightGBM model on all available history...
[2026-07-20 11:26:37] [INFO] [trainer]: Saved best model to C:\Users\Sai pranith\Downloads\antygravity\foresight\Project_FORESIGHT\models\best_model.pkl
[2026-07-20 11:26:37] [INFO] [run_pipeline]: Stage 8: Generating 6-week recursive forecasts...
[2026-07-20 11:26:37] [INFO] [predictor]: Generating forecasts for the next 6 weeks...
[2026-07-20 11:26:37] [INFO] [feature_engineering]: Engineering features for the weekly panel...
[2026-07-20 11:26:37] [INFO] [feature_engineering]: Feature engineering complete.
[2026-07-20 11:26:37] [INFO] [feature_engineering]: Engineering features for the weekly panel...
[2026-07-20 11:26:37] [INFO] [feature_engineering]: Feature engineering complete.
[2026-07-20 11:26:37] [INFO] [feature_engineering]: Engineering features for the weekly panel...
[2026-07-20 11:26:38] [INFO] [feature_engineering]: Feature engineering complete.
[2026-07-20 11:26:38] [INFO] [feature_engineering]: Engineering features for the weekly panel...
[2026-07-20 11:26:38] [INFO] [feature_engineering]: Feature engineering complete.
[2026-07-20 11:26:38] [INFO] [feature_engineering]: Engineering features for the weekly panel...
[2026-07-20 11:26:38] [INFO] [feature_engineering]: Feature engineering complete.
[2026-07-20 11:26:38] [INFO] [feature_engineering]: Engineering features for the weekly panel...
[2026-07-20 11:26:38] [INFO] [feature_engineering]: Feature engineering complete.
[2026-07-20 11:26:38] [INFO] [predictor]: Forecast generation complete.
[2026-07-20 11:26:38] [INFO] [database]: Saved 900 rows to table 'forecasts'.
[2026-07-20 11:26:38] [INFO] [run_pipeline]: Stage 9: Executing Risk Engine and Decision logic...
[2026-07-20 11:26:39] [INFO] [database]: Saved 150 rows to table 'risk_scores'.
[2026-07-20 11:26:39] [INFO] [run_pipeline]: Stage 10: Generating reports...
[2026-07-20 11:26:39] [INFO] [executive_summary]: Executive summary written to C:\Users\Sai pranith\Downloads\antygravity\foresight\Project_FORESIGHT\data\reports\executive_summary.md
[2026-07-20 11:26:39] [ERROR] [generate_pdf]: Error compiling PDF: Character "—" at index 18 in text is outside the range of characters supported by the font used: "helveticaB". Please consider using a Unicode font.
[2026-07-20 11:26:39] [INFO] [run_pipeline]: Pipeline executed successfully in 40.41 seconds.
[2026-07-20 11:26:52] [INFO] [run_pipeline]: Initializing FORESIGHT Inventory Intelligence Pipeline...
[2026-07-20 11:26:52] [INFO] [database]: Database initialised.
[2026-07-20 11:26:52] [INFO] [run_pipeline]: Stage 1: Ingesting raw datasets...
[2026-07-20 11:26:52] [INFO] [ingest]: Ingesting sku_master.csv...
[2026-07-20 11:26:52] [INFO] [ingest]: Ingesting calendar.csv...
[2026-07-20 11:26:52] [INFO] [ingest]: Ingesting sales_daily.csv...
[2026-07-20 11:26:52] [INFO] [ingest]: Ingesting inventory_snapshots.csv...
[2026-07-20 11:26:52] [INFO] [run_pipeline]: Stage 2: Validating schemas and constraints...
[2026-07-20 11:26:52] [INFO] [validation]: Validating sku_master...
[2026-07-20 11:26:52] [WARNING] [validation]: sku_master: Found 3 duplicate SKU IDs.
[2026-07-20 11:26:52] [INFO] [validation]: Validating sales_daily...
[2026-07-20 11:26:52] [INFO] [validation]: Validating inventory_snapshots...
[2026-07-20 11:26:52] [INFO] [run_pipeline]: Stage 3: Cleaning datasets...
[2026-07-20 11:26:52] [INFO] [cleaning]: sku_master: Dropped 3 duplicate SKU rows.
[2026-07-20 11:26:53] [INFO] [cleaning]: sales_daily: Dropped 328 duplicate rows.
[2026-07-20 11:26:53] [INFO] [cleaning]: inventory_snapshots: Dropped 0 duplicate rows.
[2026-07-20 11:26:53] [INFO] [run_pipeline]: Stage 4: Merging to weekly SKU-level panel...
[2026-07-20 11:26:53] [INFO] [merge]: Merging datasets to weekly SKU-level panel...
[2026-07-20 11:26:53] [INFO] [merge]: Weekly panel built successfully with 15750 rows.
[2026-07-20 11:26:53] [INFO] [run_pipeline]: Stage 5: Engineering features...
[2026-07-20 11:26:53] [INFO] [feature_engineering]: Engineering features for the weekly panel...
[2026-07-20 11:26:53] [INFO] [feature_engineering]: Feature engineering complete.
[2026-07-20 11:26:53] [INFO] [run_pipeline]: Stage 6: Preprocessing features...
[2026-07-20 11:26:53] [INFO] [preprocessing]: Fitting standard scaler on features...
[2026-07-20 11:26:53] [INFO] [preprocessing]: Scaler saved to C:\Users\Sai pranith\Downloads\antygravity\foresight\Project_FORESIGHT\models\scaler.pkl
[2026-07-20 11:26:53] [INFO] [run_pipeline]: Stage 7: Selecting and training best forecasting model...
[2026-07-20 11:26:53] [INFO] [trainer]: Starting model selection and training process...
[2026-07-20 11:26:53] [INFO] [trainer]: Cross-validating RandomForest...
[2026-07-20 11:26:53] [INFO] [cross_validation]: Starting rolling-origin CV with 4 folds and horizon 6...
[2026-07-20 11:26:53] [INFO] [cross_validation]: CV Fold 1/4 (cut: 2026-04-28/2026-05-04)...
[2026-07-20 11:26:57] [INFO] [cross_validation]: CV Fold 2/4 (cut: 2026-05-05/2026-05-11)...
[2026-07-20 11:27:01] [INFO] [cross_validation]: CV Fold 3/4 (cut: 2026-05-12/2026-05-18)...
[2026-07-20 11:27:04] [INFO] [cross_validation]: CV Fold 4/4 (cut: 2026-05-19/2026-05-25)...
[2026-07-20 11:27:08] [INFO] [trainer]: Model RandomForest CV WAPE: 0.0974, Bias: -0.0347
[2026-07-20 11:27:08] [INFO] [trainer]: Cross-validating GradientBoosting...
[2026-07-20 11:27:08] [INFO] [cross_validation]: Starting rolling-origin CV with 4 folds and horizon 6...
[2026-07-20 11:27:08] [INFO] [cross_validation]: CV Fold 1/4 (cut: 2026-04-28/2026-05-04)...
[2026-07-20 11:27:12] [INFO] [cross_validation]: CV Fold 2/4 (cut: 2026-05-05/2026-05-11)...
[2026-07-20 11:27:15] [INFO] [cross_validation]: CV Fold 3/4 (cut: 2026-05-12/2026-05-18)...
[2026-07-20 11:27:19] [INFO] [cross_validation]: CV Fold 4/4 (cut: 2026-05-19/2026-05-25)...
[2026-07-20 11:27:23] [INFO] [trainer]: Model GradientBoosting CV WAPE: 0.0894, Bias: -0.0157
[2026-07-20 11:27:23] [INFO] [trainer]: Cross-validating LightGBM...
[2026-07-20 11:27:23] [INFO] [cross_validation]: Starting rolling-origin CV with 4 folds and horizon 6...
[2026-07-20 11:27:23] [INFO] [cross_validation]: CV Fold 1/4 (cut: 2026-04-28/2026-05-04)...
[2026-07-20 11:27:25] [INFO] [cross_validation]: CV Fold 2/4 (cut: 2026-05-05/2026-05-11)...
[2026-07-20 11:27:26] [INFO] [cross_validation]: CV Fold 3/4 (cut: 2026-05-12/2026-05-18)...
[2026-07-20 11:27:26] [INFO] [cross_validation]: CV Fold 4/4 (cut: 2026-05-19/2026-05-25)...
[2026-07-20 11:27:26] [INFO] [trainer]: Model LightGBM CV WAPE: 0.0881, Bias: -0.0156
[2026-07-20 11:27:26] [INFO] [trainer]: Seasonal Naive Baseline WAPE: 0.1933
[2026-07-20 11:27:26] [INFO] [trainer]: Winner: LightGBM beats Baseline (0.0881 < 0.1933)
[2026-07-20 11:27:26] [INFO] [trainer]: Training final LightGBM model on all available history...
[2026-07-20 11:27:27] [INFO] [trainer]: Saved best model to C:\Users\Sai pranith\Downloads\antygravity\foresight\Project_FORESIGHT\models\best_model.pkl
[2026-07-20 11:27:27] [INFO] [run_pipeline]: Stage 8: Generating 6-week recursive forecasts...
[2026-07-20 11:27:27] [INFO] [predictor]: Generating forecasts for the next 6 weeks...
[2026-07-20 11:27:27] [INFO] [feature_engineering]: Engineering features for the weekly panel...
[2026-07-20 11:27:27] [INFO] [feature_engineering]: Feature engineering complete.
[2026-07-20 11:27:27] [INFO] [feature_engineering]: Engineering features for the weekly panel...
[2026-07-20 11:27:27] [INFO] [feature_engineering]: Feature engineering complete.
[2026-07-20 11:27:28] [INFO] [feature_engineering]: Engineering features for the weekly panel...
[2026-07-20 11:27:28] [INFO] [feature_engineering]: Feature engineering complete.
[2026-07-20 11:27:28] [INFO] [feature_engineering]: Engineering features for the weekly panel...
[2026-07-20 11:27:28] [INFO] [feature_engineering]: Feature engineering complete.
[2026-07-20 11:27:28] [INFO] [feature_engineering]: Engineering features for the weekly panel...
[2026-07-20 11:27:28] [INFO] [feature_engineering]: Feature engineering complete.
[2026-07-20 11:27:28] [INFO] [feature_engineering]: Engineering features for the weekly panel...
[2026-07-20 11:27:28] [INFO] [feature_engineering]: Feature engineering complete.
[2026-07-20 11:27:28] [INFO] [predictor]: Forecast generation complete.
[2026-07-20 11:27:28] [INFO] [database]: Saved 900 rows to table 'forecasts'.
[2026-07-20 11:27:28] [INFO] [run_pipeline]: Stage 9: Executing Risk Engine and Decision logic...
[2026-07-20 11:27:29] [INFO] [database]: Saved 150 rows to table 'risk_scores'.
[2026-07-20 11:27:29] [INFO] [run_pipeline]: Stage 10: Generating reports...
[2026-07-20 11:27:29] [INFO] [executive_summary]: Executive summary written to C:\Users\Sai pranith\Downloads\antygravity\foresight\Project_FORESIGHT\data\reports\executive_summary.md
[2026-07-20 11:27:29] [ERROR] [generate_pdf]: Error compiling PDF: Character "—" at index 18 in text is outside the range of characters supported by the font used: "helveticaB". Please consider using a Unicode font.
[2026-07-20 11:27:29] [INFO] [run_pipeline]: Pipeline executed successfully in 36.67 seconds.
[2026-07-20 11:27:50] [INFO] [run_pipeline]: Initializing FORESIGHT Inventory Intelligence Pipeline...
[2026-07-20 11:27:50] [INFO] [database]: Database initialised.
[2026-07-20 11:27:50] [INFO] [run_pipeline]: Stage 1: Ingesting raw datasets...
[2026-07-20 11:27:50] [INFO] [ingest]: Ingesting sku_master.csv...
[2026-07-20 11:27:50] [INFO] [ingest]: Ingesting calendar.csv...
[2026-07-20 11:27:50] [INFO] [ingest]: Ingesting sales_daily.csv...
[2026-07-20 11:27:50] [INFO] [ingest]: Ingesting inventory_snapshots.csv...
[2026-07-20 11:27:50] [INFO] [run_pipeline]: Stage 2: Validating schemas and constraints...
[2026-07-20 11:27:50] [INFO] [validation]: Validating sku_master...
[2026-07-20 11:27:50] [WARNING] [validation]: sku_master: Found 3 duplicate SKU IDs.
[2026-07-20 11:27:50] [INFO] [validation]: Validating sales_daily...
[2026-07-20 11:27:50] [INFO] [validation]: Validating inventory_snapshots...
[2026-07-20 11:27:50] [INFO] [run_pipeline]: Stage 3: Cleaning datasets...
[2026-07-20 11:27:50] [INFO] [cleaning]: sku_master: Dropped 3 duplicate SKU rows.
[2026-07-20 11:27:50] [INFO] [cleaning]: sales_daily: Dropped 328 duplicate rows.
[2026-07-20 11:27:50] [INFO] [cleaning]: inventory_snapshots: Dropped 0 duplicate rows.
[2026-07-20 11:27:50] [INFO] [run_pipeline]: Stage 4: Merging to weekly SKU-level panel...
[2026-07-20 11:27:50] [INFO] [merge]: Merging datasets to weekly SKU-level panel...
[2026-07-20 11:27:50] [INFO] [merge]: Weekly panel built successfully with 15750 rows.
[2026-07-20 11:27:50] [INFO] [run_pipeline]: Stage 5: Engineering features...
[2026-07-20 11:27:50] [INFO] [feature_engineering]: Engineering features for the weekly panel...
[2026-07-20 11:27:50] [INFO] [feature_engineering]: Feature engineering complete.
[2026-07-20 11:27:51] [INFO] [run_pipeline]: Stage 6: Preprocessing features...
[2026-07-20 11:27:51] [INFO] [preprocessing]: Fitting standard scaler on features...
[2026-07-20 11:27:51] [INFO] [preprocessing]: Scaler saved to C:\Users\Sai pranith\Downloads\antygravity\foresight\Project_FORESIGHT\models\scaler.pkl
[2026-07-20 11:27:51] [INFO] [run_pipeline]: Stage 7: Selecting and training best forecasting model...
[2026-07-20 11:27:51] [INFO] [trainer]: Starting model selection and training process...
[2026-07-20 11:27:51] [INFO] [trainer]: Cross-validating RandomForest...
[2026-07-20 11:27:51] [INFO] [cross_validation]: Starting rolling-origin CV with 4 folds and horizon 6...
[2026-07-20 11:27:51] [INFO] [cross_validation]: CV Fold 1/4 (cut: 2026-04-28/2026-05-04)...
[2026-07-20 11:27:54] [INFO] [cross_validation]: CV Fold 2/4 (cut: 2026-05-05/2026-05-11)...
[2026-07-20 11:27:58] [INFO] [cross_validation]: CV Fold 3/4 (cut: 2026-05-12/2026-05-18)...
[2026-07-20 11:28:01] [INFO] [cross_validation]: CV Fold 4/4 (cut: 2026-05-19/2026-05-25)...
[2026-07-20 11:28:05] [INFO] [trainer]: Model RandomForest CV WAPE: 0.0974, Bias: -0.0347
[2026-07-20 11:28:05] [INFO] [trainer]: Cross-validating GradientBoosting...
[2026-07-20 11:28:05] [INFO] [cross_validation]: Starting rolling-origin CV with 4 folds and horizon 6...
[2026-07-20 11:28:05] [INFO] [cross_validation]: CV Fold 1/4 (cut: 2026-04-28/2026-05-04)...
[2026-07-20 11:28:09] [INFO] [cross_validation]: CV Fold 2/4 (cut: 2026-05-05/2026-05-11)...
[2026-07-20 11:28:13] [INFO] [cross_validation]: CV Fold 3/4 (cut: 2026-05-12/2026-05-18)...
[2026-07-20 11:28:18] [INFO] [cross_validation]: CV Fold 4/4 (cut: 2026-05-19/2026-05-25)...
[2026-07-20 11:28:22] [INFO] [trainer]: Model GradientBoosting CV WAPE: 0.0894, Bias: -0.0157
[2026-07-20 11:28:22] [INFO] [trainer]: Cross-validating LightGBM...
[2026-07-20 11:28:22] [INFO] [cross_validation]: Starting rolling-origin CV with 4 folds and horizon 6...
[2026-07-20 11:28:22] [INFO] [cross_validation]: CV Fold 1/4 (cut: 2026-04-28/2026-05-04)...
[2026-07-20 11:28:23] [INFO] [cross_validation]: CV Fold 2/4 (cut: 2026-05-05/2026-05-11)...
[2026-07-20 11:28:24] [INFO] [cross_validation]: CV Fold 3/4 (cut: 2026-05-12/2026-05-18)...
[2026-07-20 11:28:24] [INFO] [cross_validation]: CV Fold 4/4 (cut: 2026-05-19/2026-05-25)...
[2026-07-20 11:28:25] [INFO] [trainer]: Model LightGBM CV WAPE: 0.0881, Bias: -0.0156
[2026-07-20 11:28:25] [INFO] [trainer]: Seasonal Naive Baseline WAPE: 0.1933
[2026-07-20 11:28:25] [INFO] [trainer]: Winner: LightGBM beats Baseline (0.0881 < 0.1933)
[2026-07-20 11:28:25] [INFO] [trainer]: Training final LightGBM model on all available history...
[2026-07-20 11:28:25] [INFO] [trainer]: Saved best model to C:\Users\Sai pranith\Downloads\antygravity\foresight\Project_FORESIGHT\models\best_model.pkl
[2026-07-20 11:28:25] [INFO] [run_pipeline]: Stage 8: Generating 6-week recursive forecasts...
[2026-07-20 11:28:25] [INFO] [predictor]: Generating forecasts for the next 6 weeks...
[2026-07-20 11:28:25] [INFO] [feature_engineering]: Engineering features for the weekly panel...
[2026-07-20 11:28:25] [INFO] [feature_engineering]: Feature engineering complete.
[2026-07-20 11:28:26] [INFO] [feature_engineering]: Engineering features for the weekly panel...
[2026-07-20 11:28:26] [INFO] [feature_engineering]: Feature engineering complete.
[2026-07-20 11:28:26] [INFO] [feature_engineering]: Engineering features for the weekly panel...
[2026-07-20 11:28:26] [INFO] [feature_engineering]: Feature engineering complete.
[2026-07-20 11:28:26] [INFO] [feature_engineering]: Engineering features for the weekly panel...
[2026-07-20 11:28:26] [INFO] [feature_engineering]: Feature engineering complete.
[2026-07-20 11:28:26] [INFO] [feature_engineering]: Engineering features for the weekly panel...
[2026-07-20 11:28:26] [INFO] [feature_engineering]: Feature engineering complete.
[2026-07-20 11:28:27] [INFO] [feature_engineering]: Engineering features for the weekly panel...
[2026-07-20 11:28:27] [INFO] [feature_engineering]: Feature engineering complete.
[2026-07-20 11:28:27] [INFO] [predictor]: Forecast generation complete.
[2026-07-20 11:28:27] [INFO] [database]: Saved 900 rows to table 'forecasts'.
[2026-07-20 11:28:27] [INFO] [run_pipeline]: Stage 9: Executing Risk Engine and Decision logic...
[2026-07-20 11:28:27] [INFO] [database]: Saved 150 rows to table 'risk_scores'.
[2026-07-20 11:28:27] [INFO] [run_pipeline]: Stage 10: Generating reports...
[2026-07-20 11:28:27] [INFO] [executive_summary]: Executive summary written to C:\Users\Sai pranith\Downloads\antygravity\foresight\Project_FORESIGHT\data\reports\executive_summary.md
[2026-07-20 11:28:28] [ERROR] [generate_pdf]: Error compiling PDF: 'sku_id'
[2026-07-20 11:28:28] [INFO] [run_pipeline]: Pipeline executed successfully in 38.00 seconds.
[2026-07-20 11:28:50] [INFO] [run_pipeline]: Initializing FORESIGHT Inventory Intelligence Pipeline...
[2026-07-20 11:28:50] [INFO] [database]: Database initialised.
[2026-07-20 11:28:50] [INFO] [run_pipeline]: Stage 1: Ingesting raw datasets...
[2026-07-20 11:28:50] [INFO] [ingest]: Ingesting sku_master.csv...
[2026-07-20 11:28:50] [INFO] [ingest]: Ingesting calendar.csv...
[2026-07-20 11:28:50] [INFO] [ingest]: Ingesting sales_daily.csv...
[2026-07-20 11:28:50] [INFO] [ingest]: Ingesting inventory_snapshots.csv...
[2026-07-20 11:28:50] [INFO] [run_pipeline]: Stage 2: Validating schemas and constraints...
[2026-07-20 11:28:50] [INFO] [validation]: Validating sku_master...
[2026-07-20 11:28:50] [WARNING] [validation]: sku_master: Found 3 duplicate SKU IDs.
[2026-07-20 11:28:50] [INFO] [validation]: Validating sales_daily...
[2026-07-20 11:28:50] [INFO] [validation]: Validating inventory_snapshots...
[2026-07-20 11:28:50] [INFO] [run_pipeline]: Stage 3: Cleaning datasets...
[2026-07-20 11:28:50] [INFO] [cleaning]: sku_master: Dropped 3 duplicate SKU rows.
[2026-07-20 11:28:50] [INFO] [cleaning]: sales_daily: Dropped 328 duplicate rows.
[2026-07-20 11:28:50] [INFO] [cleaning]: inventory_snapshots: Dropped 0 duplicate rows.
[2026-07-20 11:28:50] [INFO] [run_pipeline]: Stage 4: Merging to weekly SKU-level panel...
[2026-07-20 11:28:50] [INFO] [merge]: Merging datasets to weekly SKU-level panel...
[2026-07-20 11:28:50] [INFO] [merge]: Weekly panel built successfully with 15750 rows.
[2026-07-20 11:28:50] [INFO] [run_pipeline]: Stage 5: Engineering features...
[2026-07-20 11:28:50] [INFO] [feature_engineering]: Engineering features for the weekly panel...
[2026-07-20 11:28:50] [INFO] [feature_engineering]: Feature engineering complete.
[2026-07-20 11:28:51] [INFO] [run_pipeline]: Stage 6: Preprocessing features...
[2026-07-20 11:28:51] [INFO] [preprocessing]: Fitting standard scaler on features...
[2026-07-20 11:28:51] [INFO] [preprocessing]: Scaler saved to C:\Users\Sai pranith\Downloads\antygravity\foresight\Project_FORESIGHT\models\scaler.pkl
[2026-07-20 11:28:51] [INFO] [run_pipeline]: Stage 7: Selecting and training best forecasting model...
[2026-07-20 11:28:51] [INFO] [trainer]: Starting model selection and training process...
[2026-07-20 11:28:51] [INFO] [trainer]: Cross-validating RandomForest...
[2026-07-20 11:28:51] [INFO] [cross_validation]: Starting rolling-origin CV with 4 folds and horizon 6...
[2026-07-20 11:28:51] [INFO] [cross_validation]: CV Fold 1/4 (cut: 2026-04-28/2026-05-04)...
[2026-07-20 11:28:55] [INFO] [cross_validation]: CV Fold 2/4 (cut: 2026-05-05/2026-05-11)...
[2026-07-20 11:28:59] [INFO] [cross_validation]: CV Fold 3/4 (cut: 2026-05-12/2026-05-18)...
[2026-07-20 11:29:03] [INFO] [cross_validation]: CV Fold 4/4 (cut: 2026-05-19/2026-05-25)...
[2026-07-20 11:29:06] [INFO] [trainer]: Model RandomForest CV WAPE: 0.0974, Bias: -0.0347
[2026-07-20 11:29:06] [INFO] [trainer]: Cross-validating GradientBoosting...
[2026-07-20 11:29:06] [INFO] [cross_validation]: Starting rolling-origin CV with 4 folds and horizon 6...
[2026-07-20 11:29:06] [INFO] [cross_validation]: CV Fold 1/4 (cut: 2026-04-28/2026-05-04)...
[2026-07-20 11:29:10] [INFO] [cross_validation]: CV Fold 2/4 (cut: 2026-05-05/2026-05-11)...
[2026-07-20 11:29:14] [INFO] [cross_validation]: CV Fold 3/4 (cut: 2026-05-12/2026-05-18)...
[2026-07-20 11:29:18] [INFO] [cross_validation]: CV Fold 4/4 (cut: 2026-05-19/2026-05-25)...
[2026-07-20 11:29:22] [INFO] [trainer]: Model GradientBoosting CV WAPE: 0.0894, Bias: -0.0157
[2026-07-20 11:29:22] [INFO] [trainer]: Cross-validating LightGBM...
[2026-07-20 11:29:22] [INFO] [cross_validation]: Starting rolling-origin CV with 4 folds and horizon 6...
[2026-07-20 11:29:22] [INFO] [cross_validation]: CV Fold 1/4 (cut: 2026-04-28/2026-05-04)...
[2026-07-20 11:29:24] [INFO] [cross_validation]: CV Fold 2/4 (cut: 2026-05-05/2026-05-11)...
[2026-07-20 11:29:24] [INFO] [cross_validation]: CV Fold 3/4 (cut: 2026-05-12/2026-05-18)...
[2026-07-20 11:29:25] [INFO] [cross_validation]: CV Fold 4/4 (cut: 2026-05-19/2026-05-25)...
[2026-07-20 11:29:25] [INFO] [trainer]: Model LightGBM CV WAPE: 0.0881, Bias: -0.0156
[2026-07-20 11:29:25] [INFO] [trainer]: Seasonal Naive Baseline WAPE: 0.1933
[2026-07-20 11:29:25] [INFO] [trainer]: Winner: LightGBM beats Baseline (0.0881 < 0.1933)
[2026-07-20 11:29:25] [INFO] [trainer]: Training final LightGBM model on all available history...
[2026-07-20 11:29:25] [INFO] [trainer]: Saved best model to C:\Users\Sai pranith\Downloads\antygravity\foresight\Project_FORESIGHT\models\best_model.pkl
[2026-07-20 11:29:25] [INFO] [run_pipeline]: Stage 8: Generating 6-week recursive forecasts...
[2026-07-20 11:29:25] [INFO] [predictor]: Generating forecasts for the next 6 weeks...
[2026-07-20 11:29:26] [INFO] [feature_engineering]: Engineering features for the weekly panel...
[2026-07-20 11:29:26] [INFO] [feature_engineering]: Feature engineering complete.
[2026-07-20 11:29:26] [INFO] [feature_engineering]: Engineering features for the weekly panel...
[2026-07-20 11:29:26] [INFO] [feature_engineering]: Feature engineering complete.
[2026-07-20 11:29:26] [INFO] [feature_engineering]: Engineering features for the weekly panel...
[2026-07-20 11:29:26] [INFO] [feature_engineering]: Feature engineering complete.
[2026-07-20 11:29:26] [INFO] [feature_engineering]: Engineering features for the weekly panel...
[2026-07-20 11:29:26] [INFO] [feature_engineering]: Feature engineering complete.
[2026-07-20 11:29:26] [INFO] [feature_engineering]: Engineering features for the weekly panel...
[2026-07-20 11:29:27] [INFO] [feature_engineering]: Feature engineering complete.
[2026-07-20 11:29:27] [INFO] [feature_engineering]: Engineering features for the weekly panel...
[2026-07-20 11:29:27] [INFO] [feature_engineering]: Feature engineering complete.
[2026-07-20 11:29:27] [INFO] [predictor]: Forecast generation complete.
[2026-07-20 11:29:27] [INFO] [database]: Saved 900 rows to table 'forecasts'.
[2026-07-20 11:29:27] [INFO] [run_pipeline]: Stage 9: Executing Risk Engine and Decision logic...
[2026-07-20 11:29:27] [INFO] [database]: Saved 150 rows to table 'risk_scores'.
[2026-07-20 11:29:27] [INFO] [run_pipeline]: Stage 10: Generating reports...
[2026-07-20 11:29:27] [INFO] [executive_summary]: Executive summary written to C:\Users\Sai pranith\Downloads\antygravity\foresight\Project_FORESIGHT\data\reports\executive_summary.md
[2026-07-20 11:29:27] [INFO] [generate_pdf]: PDF report generated at C:\Users\Sai pranith\Downloads\antygravity\foresight\Project_FORESIGHT\data\reports\executive_report.pdf
[2026-07-20 11:29:27] [INFO] [run_pipeline]: Pipeline executed successfully in 37.42 seconds.
[2026-07-20 11:30:14] [INFO] [run_api]: Starting REST API service...
[2026-07-20 11:34:42] [INFO] [run_dashboard]: Launching Streamlit dashboard at C:\Users\Sai pranith\Downloads\antygravity\foresight\Project_FORESIGHT\app.py...
[2026-07-20 11:35:44] [INFO] [run_api]: Starting REST API service...
[2026-07-20 11:37:19] [INFO] [run_dashboard]: Dashboard shutdown by user.
[2026-07-20 11:38:19] [INFO] [run_pipeline]: Initializing FORESIGHT Inventory Intelligence Pipeline...
[2026-07-20 11:38:19] [INFO] [database]: Database initialised.
[2026-07-20 11:38:19] [INFO] [run_pipeline]: Stage 1: Ingesting raw datasets...
[2026-07-20 11:38:19] [INFO] [ingest]: Ingesting sku_master.csv...
[2026-07-20 11:38:19] [INFO] [ingest]: Ingesting calendar.csv...
[2026-07-20 11:38:19] [INFO] [ingest]: Ingesting sales_daily.csv...
[2026-07-20 11:38:19] [INFO] [ingest]: Ingesting inventory_snapshots.csv...
[2026-07-20 11:38:19] [INFO] [run_pipeline]: Stage 2: Validating schemas and constraints...
[2026-07-20 11:38:19] [INFO] [validation]: Validating sku_master...
[2026-07-20 11:38:19] [WARNING] [validation]: sku_master: Found 3 duplicate SKU IDs.
[2026-07-20 11:38:19] [INFO] [validation]: Validating sales_daily...
[2026-07-20 11:38:19] [INFO] [validation]: Validating inventory_snapshots...
[2026-07-20 11:38:19] [INFO] [run_pipeline]: Stage 3: Cleaning datasets...
[2026-07-20 11:38:19] [INFO] [cleaning]: sku_master: Dropped 3 duplicate SKU rows.
[2026-07-20 11:38:19] [INFO] [cleaning]: sales_daily: Dropped 328 duplicate rows.
[2026-07-20 11:38:19] [INFO] [cleaning]: inventory_snapshots: Dropped 0 duplicate rows.
[2026-07-20 11:38:19] [INFO] [run_pipeline]: Stage 4: Merging to weekly SKU-level panel...
[2026-07-20 11:38:19] [INFO] [merge]: Merging datasets to weekly SKU-level panel...
[2026-07-20 11:38:19] [INFO] [merge]: Weekly panel built successfully with 15750 rows.
[2026-07-20 11:38:19] [INFO] [run_pipeline]: Stage 5: Engineering features...
[2026-07-20 11:38:19] [INFO] [feature_engineering]: Engineering features for the weekly panel...
[2026-07-20 11:38:19] [INFO] [feature_engineering]: Feature engineering complete.
[2026-07-20 11:38:20] [INFO] [run_pipeline]: Stage 6: Preprocessing features...
[2026-07-20 11:38:20] [INFO] [preprocessing]: Fitting standard scaler on features...
[2026-07-20 11:38:20] [INFO] [preprocessing]: Scaler saved to C:\Users\Sai pranith\Downloads\antygravity\foresight\Project_FORESIGHT\models\scaler.pkl
[2026-07-20 11:38:20] [INFO] [run_pipeline]: Stage 7: Selecting and training best forecasting model...
[2026-07-20 11:38:20] [INFO] [trainer]: Starting model selection and training process...
[2026-07-20 11:38:20] [INFO] [trainer]: Cross-validating RandomForest...
[2026-07-20 11:38:20] [INFO] [cross_validation]: Starting rolling-origin CV with 4 folds and horizon 6...
[2026-07-20 11:38:20] [INFO] [cross_validation]: CV Fold 1/4 (cut: 2026-04-28/2026-05-04)...
[2026-07-20 11:38:23] [INFO] [cross_validation]: CV Fold 2/4 (cut: 2026-05-05/2026-05-11)...
[2026-07-20 11:38:27] [INFO] [cross_validation]: CV Fold 3/4 (cut: 2026-05-12/2026-05-18)...
[2026-07-20 11:38:31] [INFO] [cross_validation]: CV Fold 4/4 (cut: 2026-05-19/2026-05-25)...
[2026-07-20 11:38:34] [INFO] [trainer]: Model RandomForest CV WAPE: 0.0974, Bias: -0.0347
[2026-07-20 11:38:34] [INFO] [trainer]: Cross-validating GradientBoosting...
[2026-07-20 11:38:34] [INFO] [cross_validation]: Starting rolling-origin CV with 4 folds and horizon 6...
[2026-07-20 11:38:34] [INFO] [cross_validation]: CV Fold 1/4 (cut: 2026-04-28/2026-05-04)...
[2026-07-20 11:38:38] [INFO] [cross_validation]: CV Fold 2/4 (cut: 2026-05-05/2026-05-11)...
[2026-07-20 11:38:42] [INFO] [cross_validation]: CV Fold 3/4 (cut: 2026-05-12/2026-05-18)...
[2026-07-20 11:38:46] [INFO] [cross_validation]: CV Fold 4/4 (cut: 2026-05-19/2026-05-25)...
[2026-07-20 11:38:50] [INFO] [trainer]: Model GradientBoosting CV WAPE: 0.0894, Bias: -0.0157
[2026-07-20 11:38:50] [INFO] [trainer]: Cross-validating LightGBM...
[2026-07-20 11:38:50] [INFO] [cross_validation]: Starting rolling-origin CV with 4 folds and horizon 6...
[2026-07-20 11:38:50] [INFO] [cross_validation]: CV Fold 1/4 (cut: 2026-04-28/2026-05-04)...
[2026-07-20 11:38:51] [INFO] [cross_validation]: CV Fold 2/4 (cut: 2026-05-05/2026-05-11)...
[2026-07-20 11:38:52] [INFO] [cross_validation]: CV Fold 3/4 (cut: 2026-05-12/2026-05-18)...
[2026-07-20 11:38:52] [INFO] [cross_validation]: CV Fold 4/4 (cut: 2026-05-19/2026-05-25)...
[2026-07-20 11:38:53] [INFO] [trainer]: Model LightGBM CV WAPE: 0.0881, Bias: -0.0156
[2026-07-20 11:38:53] [INFO] [trainer]: Seasonal Naive Baseline WAPE: 0.1933
[2026-07-20 11:38:53] [INFO] [trainer]: Winner: LightGBM beats Baseline (0.0881 < 0.1933)
[2026-07-20 11:38:53] [INFO] [trainer]: Training final LightGBM model on all available history...
[2026-07-20 11:38:53] [INFO] [trainer]: Saved best model to C:\Users\Sai pranith\Downloads\antygravity\foresight\Project_FORESIGHT\models\best_model.pkl
[2026-07-20 11:38:53] [INFO] [run_pipeline]: Stage 8: Generating 6-week recursive forecasts...
[2026-07-20 11:38:53] [INFO] [predictor]: Generating forecasts for the next 6 weeks...
[2026-07-20 11:38:53] [INFO] [feature_engineering]: Engineering features for the weekly panel...
[2026-07-20 11:38:53] [INFO] [feature_engineering]: Feature engineering complete.
[2026-07-20 11:38:54] [INFO] [feature_engineering]: Engineering features for the weekly panel...
[2026-07-20 11:38:54] [INFO] [feature_engineering]: Feature engineering complete.
[2026-07-20 11:38:54] [INFO] [feature_engineering]: Engineering features for the weekly panel...
[2026-07-20 11:38:54] [INFO] [feature_engineering]: Feature engineering complete.
[2026-07-20 11:38:54] [INFO] [feature_engineering]: Engineering features for the weekly panel...
[2026-07-20 11:38:54] [INFO] [feature_engineering]: Feature engineering complete.
[2026-07-20 11:38:54] [INFO] [feature_engineering]: Engineering features for the weekly panel...
[2026-07-20 11:38:54] [INFO] [feature_engineering]: Feature engineering complete.
[2026-07-20 11:38:55] [INFO] [feature_engineering]: Engineering features for the weekly panel...
[2026-07-20 11:38:55] [INFO] [feature_engineering]: Feature engineering complete.
[2026-07-20 11:38:55] [INFO] [predictor]: Forecast generation complete.
[2026-07-20 11:38:55] [INFO] [database]: Saved 900 rows to table 'forecasts'.
[2026-07-20 11:38:55] [INFO] [run_pipeline]: Stage 9: Executing Risk Engine and Decision logic...
[2026-07-20 11:38:55] [INFO] [database]: Saved 150 rows to table 'risk_scores'.
[2026-07-20 11:38:55] [INFO] [run_pipeline]: Stage 10: Generating reports...
[2026-07-20 11:38:55] [INFO] [executive_summary]: Executive summary written to C:\Users\Sai pranith\Downloads\antygravity\foresight\Project_FORESIGHT\data\reports\executive_summary.md
[2026-07-20 11:38:55] [INFO] [generate_pdf]: PDF report generated at C:\Users\Sai pranith\Downloads\antygravity\foresight\Project_FORESIGHT\data\reports\executive_report.pdf
[2026-07-20 11:38:55] [INFO] [run_pipeline]: Pipeline executed successfully in 36.72 seconds.
[2026-07-20 11:39:07] [INFO] [run_dashboard]: Launching Streamlit dashboard at C:\Users\Sai pranith\Downloads\antygravity\foresight\Project_FORESIGHT\app.py...
[2026-07-20 11:40:42] [INFO] [run_pipeline]: Initializing FORESIGHT Inventory Intelligence Pipeline...
[2026-07-20 11:40:42] [INFO] [database]: Database initialised.
[2026-07-20 11:40:42] [INFO] [run_pipeline]: Stage 1: Ingesting raw datasets...
[2026-07-20 11:40:42] [INFO] [ingest]: Ingesting sku_master.csv...
[2026-07-20 11:40:42] [INFO] [ingest]: Ingesting calendar.csv...
[2026-07-20 11:40:42] [INFO] [ingest]: Ingesting sales_daily.csv...
[2026-07-20 11:40:42] [INFO] [ingest]: Ingesting inventory_snapshots.csv...
[2026-07-20 11:40:42] [INFO] [run_pipeline]: Stage 2: Validating schemas and constraints...
[2026-07-20 11:40:42] [INFO] [validation]: Validating sku_master...
[2026-07-20 11:40:42] [WARNING] [validation]: sku_master: Found 3 duplicate SKU IDs.
[2026-07-20 11:40:42] [INFO] [validation]: Validating sales_daily...
[2026-07-20 11:40:42] [INFO] [validation]: Validating inventory_snapshots...
[2026-07-20 11:40:42] [INFO] [run_pipeline]: Stage 3: Cleaning datasets...
[2026-07-20 11:40:42] [INFO] [cleaning]: sku_master: Dropped 3 duplicate SKU rows.
[2026-07-20 11:40:42] [INFO] [cleaning]: sales_daily: Dropped 328 duplicate rows.
[2026-07-20 11:40:42] [INFO] [cleaning]: inventory_snapshots: Dropped 0 duplicate rows.
[2026-07-20 11:40:42] [INFO] [run_pipeline]: Stage 4: Merging to weekly SKU-level panel...
[2026-07-20 11:40:42] [INFO] [merge]: Merging datasets to weekly SKU-level panel...
[2026-07-20 11:40:42] [INFO] [merge]: Weekly panel built successfully with 15750 rows.
[2026-07-20 11:40:42] [INFO] [run_pipeline]: Stage 5: Engineering features...
[2026-07-20 11:40:42] [INFO] [feature_engineering]: Engineering features for the weekly panel...
[2026-07-20 11:40:42] [INFO] [feature_engineering]: Feature engineering complete.
[2026-07-20 11:40:42] [INFO] [run_pipeline]: Stage 6: Preprocessing features...
[2026-07-20 11:40:42] [INFO] [preprocessing]: Fitting standard scaler on features...
[2026-07-20 11:40:42] [INFO] [preprocessing]: Scaler saved to C:\Users\Sai pranith\Downloads\antygravity\foresight\Project_FORESIGHT\models\scaler.pkl
[2026-07-20 11:40:42] [INFO] [run_pipeline]: Stage 7: Selecting and training best forecasting model...
[2026-07-20 11:40:42] [INFO] [trainer]: Starting model selection and training process...
[2026-07-20 11:40:42] [INFO] [trainer]: Cross-validating RandomForest...
[2026-07-20 11:40:42] [INFO] [cross_validation]: Starting rolling-origin CV with 4 folds and horizon 6...
[2026-07-20 11:40:42] [INFO] [cross_validation]: CV Fold 1/4 (cut: 2026-04-28/2026-05-04)...
[2026-07-20 11:40:46] [INFO] [cross_validation]: CV Fold 2/4 (cut: 2026-05-05/2026-05-11)...
[2026-07-20 11:40:50] [INFO] [cross_validation]: CV Fold 3/4 (cut: 2026-05-12/2026-05-18)...
[2026-07-20 11:40:53] [INFO] [cross_validation]: CV Fold 4/4 (cut: 2026-05-19/2026-05-25)...
[2026-07-20 11:40:57] [INFO] [trainer]: Model RandomForest CV WAPE: 0.0974, Bias: -0.0347
[2026-07-20 11:40:57] [INFO] [trainer]: Cross-validating GradientBoosting...
[2026-07-20 11:40:57] [INFO] [cross_validation]: Starting rolling-origin CV with 4 folds and horizon 6...
[2026-07-20 11:40:57] [INFO] [cross_validation]: CV Fold 1/4 (cut: 2026-04-28/2026-05-04)...
[2026-07-20 11:41:01] [INFO] [cross_validation]: CV Fold 2/4 (cut: 2026-05-05/2026-05-11)...
[2026-07-20 11:41:04] [INFO] [cross_validation]: CV Fold 3/4 (cut: 2026-05-12/2026-05-18)...
[2026-07-20 11:41:08] [INFO] [cross_validation]: CV Fold 4/4 (cut: 2026-05-19/2026-05-25)...
[2026-07-20 11:41:12] [INFO] [trainer]: Model GradientBoosting CV WAPE: 0.0894, Bias: -0.0157
[2026-07-20 11:41:12] [INFO] [trainer]: Cross-validating LightGBM...
[2026-07-20 11:41:12] [INFO] [cross_validation]: Starting rolling-origin CV with 4 folds and horizon 6...
[2026-07-20 11:41:12] [INFO] [cross_validation]: CV Fold 1/4 (cut: 2026-04-28/2026-05-04)...
[2026-07-20 11:41:14] [INFO] [cross_validation]: CV Fold 2/4 (cut: 2026-05-05/2026-05-11)...
[2026-07-20 11:41:15] [INFO] [cross_validation]: CV Fold 3/4 (cut: 2026-05-12/2026-05-18)...
[2026-07-20 11:41:15] [INFO] [cross_validation]: CV Fold 4/4 (cut: 2026-05-19/2026-05-25)...
[2026-07-20 11:41:15] [INFO] [trainer]: Model LightGBM CV WAPE: 0.0881, Bias: -0.0156
[2026-07-20 11:41:15] [INFO] [trainer]: Seasonal Naive Baseline WAPE: 0.1933
[2026-07-20 11:41:15] [INFO] [trainer]: Winner: LightGBM beats Baseline (0.0881 < 0.1933)
[2026-07-20 11:41:15] [INFO] [trainer]: Training final LightGBM model on all available history...
[2026-07-20 11:41:16] [INFO] [trainer]: Saved best model to C:\Users\Sai pranith\Downloads\antygravity\foresight\Project_FORESIGHT\models\best_model.pkl
[2026-07-20 11:41:16] [INFO] [run_pipeline]: Stage 8: Generating 6-week recursive forecasts...
[2026-07-20 11:41:16] [INFO] [predictor]: Generating forecasts for the next 6 weeks...
[2026-07-20 11:41:16] [INFO] [feature_engineering]: Engineering features for the weekly panel...
[2026-07-20 11:41:16] [INFO] [feature_engineering]: Feature engineering complete.
[2026-07-20 11:41:16] [INFO] [feature_engineering]: Engineering features for the weekly panel...
[2026-07-20 11:41:16] [INFO] [feature_engineering]: Feature engineering complete.
[2026-07-20 11:41:17] [INFO] [feature_engineering]: Engineering features for the weekly panel...
[2026-07-20 11:41:17] [INFO] [feature_engineering]: Feature engineering complete.
[2026-07-20 11:41:17] [INFO] [feature_engineering]: Engineering features for the weekly panel...
[2026-07-20 11:41:17] [INFO] [feature_engineering]: Feature engineering complete.
[2026-07-20 11:41:17] [INFO] [feature_engineering]: Engineering features for the weekly panel...
[2026-07-20 11:41:17] [INFO] [feature_engineering]: Feature engineering complete.
[2026-07-20 11:41:17] [INFO] [feature_engineering]: Engineering features for the weekly panel...
[2026-07-20 11:41:17] [INFO] [feature_engineering]: Feature engineering complete.
[2026-07-20 11:41:17] [INFO] [predictor]: Forecast generation complete.
[2026-07-20 11:41:17] [INFO] [database]: Saved 900 rows to table 'forecasts'.
[2026-07-20 11:41:17] [INFO] [run_pipeline]: Stage 9: Executing Risk Engine and Decision logic...
[2026-07-20 11:41:18] [INFO] [database]: Saved 150 rows to table 'risk_scores'.
[2026-07-20 11:41:18] [INFO] [run_pipeline]: Stage 10: Generating reports...
[2026-07-20 11:41:18] [INFO] [executive_summary]: Executive summary written to C:\Users\Sai pranith\Downloads\antygravity\foresight\Project_FORESIGHT\data\reports\executive_summary.md
[2026-07-20 11:41:18] [INFO] [generate_pdf]: PDF report generated at C:\Users\Sai pranith\Downloads\antygravity\foresight\Project_FORESIGHT\data\reports\executive_report.pdf
[2026-07-20 11:41:18] [INFO] [run_pipeline]: Pipeline executed successfully in 36.55 seconds.
